// Jest Snapshot v1, https://goo.gl/fbAQLP

exports[`MainPage test should render correctly 1`] = `
<DocumentFragment>
  <div
    class="main-page"
  >
    <h2
      class="main-page__title"
    >
      VK Маркет
    </h2>
    <h3 />
    <div
      class="main-page__parameters"
    >
      <div>
        <div
          class=""
        >
          Одежда
        </div>
        <div
          class=""
        >
          Для дома
        </div>
        <div
          class=""
        >
          Электроника
        </div>
      </div>
    </div>
    <div>
      Продукт 1
    </div>
    <div>
      Продукт 2
    </div>
  </div>
</DocumentFragment>
`;
